Running Gradle task 'assembleRelease'...                        

FAILURE: Build failed with an exception.

* What went wrong:
Execution failed for task ':app:checkReleaseAarMetadata'.
> A failure occurred while executing com.android.build.gradle.internal.tasks.CheckAarMetadataWorkAction
   > An issue was found when checking AAR metadata:

       1.  Dependency ':flutter_local_notifications' requires desugar_jdk_libs version to be
           2.1.4 or above for :app, which is currently 2.0.3

           See https://d.android.com/studio/build/library-desugaring for more
           details.

* Try:
> Run with --stacktrace option to get the stack trace.
> Run with --info or --debug option to get more log output.
> Run with --scan to get full insights.
> Get more help at https://help.gradle.org.

BUILD FAILED in 3s
Running Gradle task 'assembleRelease'...                            4.0s
Gradle task assembleRelease failed with exit code 1
